[Licensing::Module] Trying to connect to existing licensing client channel...
Built from '6000.5/staging' branch; Version is '6000.5.5f1 (d16e074b49fd) revision 13725191'; Using compiler version '194234433'; Build Type 'Release'
OS: 'Windows 11  (10.0.26200) Professional' Language: 'pt' Physical Memory: 32660 MB
[Licensing::IpcConnector] Successfully connected to: "LicenseClient-luisp" at "2026-08-13T05:57:30.8189272Z"
BatchMode: 0, IsHumanControllingUs: 1, StartBugReporterOnCrash: 1, Is64bit: 1
System  architecture: x64
Process architecture: x64
Date: 2026-08-13T05:57:30Z

COMMAND LINE ARGUMENTS:
C:\Program Files\Unity\Hub\Editor\6000.5.5f1\Editor\Unity.exe
-projectpath
C:\dev\unbox-fighters
-acceptSoftwareTermsForThisRunOnly
-useHub
-hubIPC
-cloudEnvironment
production
-licensingIpc
LicenseClient-luisp
-hubSessionId
aced7bd4-430a-45f4-b00e-46a5eb6df00e
-accessToken
9lKo0tidbfqyQIlRNfNerS_pp7NyOXx-CcInqVeJ_f0004f
Successfully changed project path to: C:\dev\unbox-fighters
C:/dev/unbox-fighters
[UnityMemory] Configuration Parameters - Can be set up in boot.config
    "memorysetup-temp-allocator-size-gi-baking-worker=262144"
    "memorysetup-temp-allocator-size-gi-baking-worker=262144"
    "memorysetup-temp-allocator-size-gi-baking-worker=262144"
    "memorysetup-temp-allocator-size-gi-baking-worker=262144"
    "memorysetup-temp-allocator-size-gi-baking-worker=262144"
    "memorysetup-temp-allocator-size-nav-mesh-worker=65536"
    "memorysetup-temp-allocator-size-audio-worker=65536"
    "memorysetup-temp-allocator-size-cloud-worker=32768"
    "memorysetup-temp-allocator-size-gfx=262144"
    "memorysetup-temp-allocator-size-preload-manager=33554432"
    "memorysetup-allocator-temp-initial-block-size-main=262144"
    "memorysetup-allocator-temp-initial-block-size-worker=262144"
    "memorysetup-temp-allocator-size-job-worker=262144"
    "memorysetup-temp-allocator-size-background-worker=32768"
    "memorysetup-bucket-allocator-granularity=16"
    "memorysetup-bucket-allocator-bucket-count=8"
    "memorysetup-bucket-allocator-block-size=33554432"
    "memorysetup-bucket-allocator-block-count=8"
    "memorysetup-main-allocator-block-size=16777216"
    "memorysetup-thread-allocator-block-size=16777216"
    "memorysetup-main-allocator-mimalloc-enabled=0"
    "memorysetup-gfx-main-allocator-block-size=16777216"
    "memorysetup-gfx-thread-allocator-block-size=16777216"
    "memorysetup-cache-allocator-block-size=4194304"
    "memorysetup-typetree-allocator-block-size=2097152"
    "memorysetup-profiler-bucket-allocator-granularity=16"
    "memorysetup-profiler-bucket-allocator-bucket-count=8"
    "memorysetup-profiler-bucket-allocator-block-size=33554432"
    "memorysetup-profiler-bucket-allocator-block-count=8"
    "memorysetup-profiler-allocator-block-size=16777216"
    "memorysetup-profiler-editor-allocator-block-size=1048576"
    "memorysetup-temp-allocator-size-main=16777216"
    "memorysetup-job-temp-allocator-block-size=2097152"
    "memorysetup-job-temp-allocator-block-size-background=1048576"
    "memorysetup-job-temp-allocator-reduction-small-platforms=262144"
Player connection [14736]  Target information:

Player connection [14736]  * "[IP] 192.168.1.7 [Port] 55504 [Flags] 2 [Guid] 1429856175 [EditorId] 1429856175 [Version] 1048832 [Id] WindowsEditor(7,POLO-PC) [Debug] 1 [PackageName] WindowsEditor [ProjectName] Editor" 

Player connection [14736] Host joined multi-casting on [225.0.0.222:54997]...
Player connection [14736] Host joined alternative multi-casting on [225.0.0.222:34997]...
Input System module state changed to: Initialized.
[Physics::Module] Initialized fallback backend.
[Physics::Module] Id: 0xdecafbad
[Package Manager] Connected to IPC stream "Upm-21184" after 0.2 seconds.
[Licensing::Module] Licensing is not yet initialized.
[Licensing::Client] Error: HandshakeResponse reported an error:
	ResponseCode: 505
	ResponseStatus: Unsupported protocol version '1.18.1'.
[Licensing::Module] Error: Failed to handshake to channel: "LicenseClient-luisp"
[Licensing::IpcConnector] LicenseClient-luisp channel disconnected successfully.
[Licensing::IpcConnector] Channel LicenseClient-luisp-6000.5.5 doesn't exist
[Licensing::Module] Successfully launched the LicensingClient (PId: 25288)
Starting IPC server.
Waiting for clients to connect on \\.\pipe\Unity-LicenseClient-luisp-6000.5.5, press Ctrl-C to exit.
[Licensing::IpcConnector] Successfully connected to: "LicenseClient-luisp-6000.5.5" at "2026-08-13T05:57:32.1405349Z"
[Licensing::Client] Code 10 while verifying Licensing Client signature (process Id: 25288, path: "C:/Program Files/Unity/Hub/Editor/6000.5.5f1/Editor/Data/Resources/Licensing/Client/Unity.Licensing.Client.exe")
[Licensing::Module] LicensingClient has failed validation; ignoring
[Licensing::Client] Handshaking with LicensingClient:
  Version:                 1.18.1+9fbee8e
  Session Id:              2dba59f78017474bb909a411ebec10c3
  Correlation Id:          a9016d283d198f7cdecef8934f63d79b
  External correlation Id: 1853967219403547542
  Machine Id:              zDY/A/ET0pqnQHvoKm4mt7KQ3I8=
[Licensing::Module] Successfully connected to LicensingClient on channel: "LicenseClient-luisp-6000.5.5" (connect: 0.37s, validation: 0.05s, handshake: 0.01s)
[Licensing::IpcConnector] Successfully connected to: "LicenseClient-luisp-6000.5.5-notifications" at "2026-08-13T05:57:32.2004751Z"
[Licensing::Module] Connected to LicensingClient (PId: 25288, launch time: 0.01, total connection time: 0.43s)
[Licensing::Client] Successfully updated the access token
[Licensing::Module] Successfully updated the access token 9lKo0tidbf...
[Licensing::Client] Successfully resolved entitlement details
[Licensing::Module] License group:
  Id: 4674233399607-UnityPersXXXX
  Product: Unity Personal
  Type: Assigned
  Expiration: Unlimited
[Licensing::Client] Successfully updated license, isAsync: True, time: 0.01
[Licensing::Client] Successfully resolved entitlement details
[Licensing::Module] Licensing Background thread has ended after 1.42s
[Licensing::Module] Licensing is initialized (took 1.03s).
[Licensing::Client] Successfully resolved entitlement details
Library Redirect Path: Library/
Rebuilding Library because the asset database could not be found!
Exiting without the bug reporter. Application will terminate with return code 0Shut down.
